node : \\Illmedicine-lb\SMALL BODY LAPTOP\Brody\Downloads\discord-crypto-task-p
ayroll-bot\node_modules\bindings\bindings.js:135
At line:1 char:1
+ node test-cmd.js > test-output.txt 2>&1; type test-output.txt
+ ~~~~~~~~~~~~~~~~~~~~~~~~~~~~~~~~~~~~~~~
    + CategoryInfo          : NotSpecified: (\\Illmedicine-l...bindings.js:135 
   :String) [], RemoteException
    + FullyQualifiedErrorId : NativeCommandError
 
  throw err;
  ^

Error: Could not locate the bindings file. Tried:
 ΓåÆ \\Illmedicine-lb\SMALL BODY LAPTOP\Brody\Downloads\discord-crypto-task-pay
roll-bot\node_modules\sqlite3\build\node_sqlite3.node
 ΓåÆ \\Illmedicine-lb\SMALL BODY LAPTOP\Brody\Downloads\discord-crypto-task-pay
roll-bot\node_modules\sqlite3\build\Debug\node_sqlite3.node
 ΓåÆ \\Illmedicine-lb\SMALL BODY LAPTOP\Brody\Downloads\discord-crypto-task-pay
roll-bot\node_modules\sqlite3\build\Release\node_sqlite3.node
 ΓåÆ \\Illmedicine-lb\SMALL BODY LAPTOP\Brody\Downloads\discord-crypto-task-pay
roll-bot\node_modules\sqlite3\out\Debug\node_sqlite3.node
 ΓåÆ \\Illmedicine-lb\SMALL BODY LAPTOP\Brody\Downloads\discord-crypto-task-pay
roll-bot\node_modules\sqlite3\Debug\node_sqlite3.node
 ΓåÆ \\Illmedicine-lb\SMALL BODY LAPTOP\Brody\Downloads\discord-crypto-task-pay
roll-bot\node_modules\sqlite3\out\Release\node_sqlite3.node
 ΓåÆ \\Illmedicine-lb\SMALL BODY LAPTOP\Brody\Downloads\discord-crypto-task-pay
roll-bot\node_modules\sqlite3\Release\node_sqlite3.node
 ΓåÆ \\Illmedicine-lb\SMALL BODY LAPTOP\Brody\Downloads\discord-crypto-task-pay
roll-bot\node_modules\sqlite3\build\default\node_sqlite3.node
 ΓåÆ \\Illmedicine-lb\SMALL BODY LAPTOP\Brody\Downloads\discord-crypto-task-pay
roll-bot\node_modules\sqlite3\compiled\24.12.0\win32\x64\node_sqlite3.node
 ΓåÆ \\Illmedicine-lb\SMALL BODY LAPTOP\Brody\Downloads\discord-crypto-task-pay
roll-bot\node_modules\sqlite3\addon-build\release\install-root\node_sqlite3.nod
e
 ΓåÆ \\Illmedicine-lb\SMALL BODY LAPTOP\Brody\Downloads\discord-crypto-task-pay
roll-bot\node_modules\sqlite3\addon-build\debug\install-root\node_sqlite3.node
 ΓåÆ \\Illmedicine-lb\SMALL BODY LAPTOP\Brody\Downloads\discord-crypto-task-pay
roll-bot\node_modules\sqlite3\addon-build\default\install-root\node_sqlite3.nod
e
 ΓåÆ \\Illmedicine-lb\SMALL BODY LAPTOP\Brody\Downloads\discord-crypto-task-pay
roll-bot\node_modules\sqlite3\lib\binding\node-v137-win32-x64\node_sqlite3.node
    at bindings (\\Illmedicine-lb\SMALL BODY LAPTOP\Brody\Downloads\discord-cry
pto-task-payroll-bot\node_modules\bindings\bindings.js:126:9)
    at Object.<anonymous> (\\Illmedicine-lb\SMALL BODY LAPTOP\Brody\Downloads\d
iscord-crypto-task-payroll-bot\node_modules\sqlite3\lib\sqlite3-binding.js:1:37
)
    at Module._compile (node:internal/modules/cjs/loader:1761:14)
    at Object..js (node:internal/modules/cjs/loader:1893:10)
    at Module.load (node:internal/modules/cjs/loader:1481:32)
    at Module._load (node:internal/modules/cjs/loader:1300:12)
    at TracingChannel.traceSync (node:diagnostics_channel:328:14)
    at wrapModuleLoad (node:internal/modules/cjs/loader:245:24)
    at Module.require (node:internal/modules/cjs/loader:1504:12)
    at require (node:internal/modules/helpers:152:16) {
  tries: [
    '\\\\Illmedicine-lb\\SMALL BODY LAPTOP\\Brody\\Downloads\\discord-crypto-ta
sk-payroll-bot\\node_modules\\sqlite3\\build\\node_sqlite3.node',
    '\\\\Illmedicine-lb\\SMALL BODY LAPTOP\\Brody\\Downloads\\discord-crypto-ta
sk-payroll-bot\\node_modules\\sqlite3\\build\\Debug\\node_sqlite3.node',
    '\\\\Illmedicine-lb\\SMALL BODY LAPTOP\\Brody\\Downloads\\discord-crypto-ta
sk-payroll-bot\\node_modules\\sqlite3\\build\\Release\\node_sqlite3.node',
    '\\\\Illmedicine-lb\\SMALL BODY LAPTOP\\Brody\\Downloads\\discord-crypto-ta
sk-payroll-bot\\node_modules\\sqlite3\\out\\Debug\\node_sqlite3.node',
    '\\\\Illmedicine-lb\\SMALL BODY LAPTOP\\Brody\\Downloads\\discord-crypto-ta
sk-payroll-bot\\node_modules\\sqlite3\\Debug\\node_sqlite3.node',
    '\\\\Illmedicine-lb\\SMALL BODY LAPTOP\\Brody\\Downloads\\discord-crypto-ta
sk-payroll-bot\\node_modules\\sqlite3\\out\\Release\\node_sqlite3.node',
    '\\\\Illmedicine-lb\\SMALL BODY LAPTOP\\Brody\\Downloads\\discord-crypto-ta
sk-payroll-bot\\node_modules\\sqlite3\\Release\\node_sqlite3.node',
    '\\\\Illmedicine-lb\\SMALL BODY LAPTOP\\Brody\\Downloads\\discord-crypto-ta
sk-payroll-bot\\node_modules\\sqlite3\\build\\default\\node_sqlite3.node',
    '\\\\Illmedicine-lb\\SMALL BODY LAPTOP\\Brody\\Downloads\\discord-crypto-ta
sk-payroll-bot\\node_modules\\sqlite3\\compiled\\24.12.0\\win32\\x64\\node_sqli
te3.node',
    '\\\\Illmedicine-lb\\SMALL BODY LAPTOP\\Brody\\Downloads\\discord-crypto-ta
sk-payroll-bot\\node_modules\\sqlite3\\addon-build\\release\\install-root\\node
_sqlite3.node',
    '\\\\Illmedicine-lb\\SMALL BODY LAPTOP\\Brody\\Downloads\\discord-crypto-ta
sk-payroll-bot\\node_modules\\sqlite3\\addon-build\\debug\\install-root\\node_s
qlite3.node',
    '\\\\Illmedicine-lb\\SMALL BODY LAPTOP\\Brody\\Downloads\\discord-crypto-ta
sk-payroll-bot\\node_modules\\sqlite3\\addon-build\\default\\install-root\\node
_sqlite3.node',
    '\\\\Illmedicine-lb\\SMALL BODY LAPTOP\\Brody\\Downloads\\discord-crypto-ta
sk-payroll-bot\\node_modules\\sqlite3\\lib\\binding\\node-v137-win32-x64\\node_
sqlite3.node'
  ]
}

Node.js v24.12.0
